[backblue.gif]
[fade.gif]
[index.html]
[kerrilive.netlify.app/light/index_13.html]
[kerrilive.netlify.app/light/images/favicon.ico]
[kerrilive.netlify.app/light/css/bootstrap.min.css]
[kerrilive.netlify.app/light/images/logo.png]
[kerrilive.netlify.app/light/images/logo-dark.png]
[kerrilive.netlify.app/light/images/header-bg.jpg]
[kerrilive.netlify.app/light/images/about.jpg]
[kerrilive.netlify.app/light/images/testi/testi-1.jpg]
[kerrilive.netlify.app/light/images/testi/testi-2.jpg]
[kerrilive.netlify.app/light/images/testi/testi-3.jpg]
[kerrilive.netlify.app/light/images/works/1.jpg]
[kerrilive.netlify.app/light/css/materialdesignicons.min.css]
[kerrilive.netlify.app/light/images/works/2.jpg]
[kerrilive.netlify.app/light/images/works/3.jpg]
[kerrilive.netlify.app/light/images/works/4.jpg]
[kerrilive.netlify.app/light/images/works/5.jpg]
[kerrilive.netlify.app/light/images/works/6.jpg]
[kerrilive.netlify.app/light/images/blog/blog-1.jpg]
[kerrilive.netlify.app/light/images/blog/blog-2.jpg]
[kerrilive.netlify.app/light/images/blog/blog-3.jpg]
[kerrilive.netlify.app/light/css/owl.carousel.min.css]
[kerrilive.netlify.app/light/js/bootstrap.bundle.min.js]
[kerrilive.netlify.app/light/js/jquery.min.js]
[kerrilive.netlify.app/light/js/jquery.simple-text-rotator.js]
[kerrilive.netlify.app/light/js/parallax.js]
[kerrilive.netlify.app/light/css/animate.min.css]
[kerrilive.netlify.app/light/js/particles.js]
[kerrilive.netlify.app/light/js/particles.app.js]
[kerrilive.netlify.app/light/js/owl.carousel.min.js]
[kerrilive.netlify.app/light/js/switcher.js]
[kerrilive.netlify.app/light/css/magnific-popup.css]
[kerrilive.netlify.app/light/js/isotope.js]
[kerrilive.netlify.app/light/js/jquery.magnific-popup.min.js]
[kerrilive.netlify.app/light/js/custom.js]
[kerrilive.netlify.app/light/fonts/materialdesignicons-webfontdf71.eot]
[kerrilive.netlify.app/light/fonts/materialdesignicons-webfontd41d.eot]
[kerrilive.netlify.app/light/fonts/materialdesignicons-webfontdf71.woff2]
[kerrilive.netlify.app/light/fonts/materialdesignicons-webfontdf71.woff]
[kerrilive.netlify.app/light/fonts/materialdesignicons-webfontdf71.ttf]
[kerrilive.netlify.app/light/fonts/mobirise73ab.ttf]
[kerrilive.netlify.app/light/fonts/mobirise73ab.woff]
[kerrilive.netlify.app/light/css/mobiriseicons.css]
[kerrilive.netlify.app/light/css/style.css]
[kerrilive.netlify.app/light/css/color/default.css]
[kerrilive.netlify.app/light/fonts/materialdesignicons-webfontdf71.html]
[kerrilive.netlify.app/light/css/owl.video.play.html]
[kerrilive.netlify.app/light/fonts/MobiriseIcons73ab.html]
[kerrilive.netlify.app/light/fonts/MobiriseIcons73ab-2.html]
